<!DOCTYPE html>
<html>
<head>
<title>中文</title>
<meta charset="UTF-8"></meta>
<style>
<!--/*--><![CDATA[/*><!--*/
body::after { content: "<my> <" "/style> & godness"; }
/*]]>*/-->
</style>
<script>
<!--//--><![CDATA[//><!--
console.log('test <my> <' + '/script> & tag');
//--><!]]>
</script>
</head>
<body>
foo&nbsp;&nbsp;&nbsp;中文<br></br>
King&apos;s &quot;123&quot; &lt; &amp; &gt; 456 (escaped)<br></br>
King's "123" < & > 456 (unescaped)<br></br>
<input type="checkbox" checked></input>
<textarea>plain <div> text may be escaped &lt; &amp; &gt;</textarea>
<SPaN TITLE="mytitle">Tag with mixed case</SpAN>
<input type="number"/></input>
<div/>non-void-html-element-start-tag-with-trailing-solidus</div>
<!UNKONWN decl>
<![CDATA[x<y]]>
<![if sth]>
<svg><circle cx="50" cy="50" r="40" stroke="green" stroke-width="4" fill="yellow" /><text x="25" y="40">demo</text></svg>
<svg><circle cx="50" cy="50" r="40" stroke="green" stroke-width="4" fill="yellow"><text x="25" y="40">demo</text></circle></svg>
<svg><br/></svg>
<svg><br></br></svg>
<math>
  <mrow>
    <mi>x</mi>
    <mo>=</mo>
    <mfrac>
      <mrow>
        <mo form="prefix">&#x2212;<!-- − --></mo>
        <mi>b</mi>
        <mo>&#x00B1;<!-- &PlusMinus; --></mo>
        <msqrt>
          <msup>
            <mi>b</mi>
            <mn>2</mn>
          </msup>
          <mo>&#x2212;<!-- − --></mo>
          <mn>4</mn>
          <mo>&#x2062;<!-- &InvisibleTimes; --></mo>
          <mi>a</mi>
          <mo>&#x2062;<!-- &InvisibleTimes; --></mo>
          <mi>c</mi>
        </msqrt>
      </mrow>
      <mrow>
        <mn>2</mn>
        <mo>&#x2062;<!-- &InvisibleTimes; --></mo>
        <mi>a</mi>
      </mrow>
    </mfrac>
  </mrow>
</math>
</body>
</html>
